---
source: src/browser/engine.rs
expression: snap
---
URL: atsisbroken://fingerprint
Title: Anti-fingerprint

Default profile: Paranoid

    User-Agent              Firefox/128 on Linux x86_64 (spoof)
    navigator.webdriver     false (always — hard contract)
    Canvas hash             randomized per session (slight noise)
    WebGL vendor            randomized per session
    Font enumeration        blocked (returns common-fonts subset)
    Hardware concurrency    reports 8 (you may have more)
    Timezone                host (we don't lie about location)
    Languages               host
    Screen size             host

Per-domain overrides
    *.workday.com           Paranoid (default)
    *.icims.com             Balanced
    *.greenhouse.io         Balanced
    Add overrides via ~/.atsisbroken/fingerprints.toml

Note: Canvas/WebGL noise breaks image CAPTCHAs on some vendors.
If a CAPTCHA wall trips, switch that domain to Balanced.
