---
source: src/browser/engine.rs
expression: snap
---
URL: atsisbroken://home
Title: atsisbroken

The browser for filling job applications.

Connect what you've made. The plan: write your applications from
it, anchoring every freetext sentence to a public URL you already
wrote — GitHub, blog, Stack Overflow, the rest. Nothing leaves this
device unless you say so. The composer that does the anchoring
ships in a later phase; today's binary covers the connectors and
the local schema.

Where to start

    atsisbroken://connections     your sources
    atsisbroken://summary         what we say about you
    atsisbroken://discover        public job boards, aggregated
    atsisbroken://applications    your submission ledger
    atsisbroken://network         every outbound call, live
    atsisbroken://settings        modes, identities, privacy

The address bar at the top accepts any URL — internal or web.
